// Jest Snapshot v1, https://goo.gl/fbAQLP

exports[`App: Components: Todo List Item Layout matches snapshot 1`] = `
<div
  className="sc-bczRLJ kLtGVI"
>
  <label>
    <input
      checked={false}
      onChange={[Function]}
      type="checkbox"
      value={11}
    />
     
    Setup virtual office
  </label>
</div>
`;
